
[1m[46m RUN [49m[22m [36mv4.1.3 [39m[90mD:/DATA/AI_PROGRAMING/QueensHenna[39m

 [31m??[39m tests/reservations/ReservationTimeline.test.tsx [2m([22m[2m1 test[22m[2m | [22m[31m1 failed[39m[2m)[22m[32m 52[2mms[22m[39m
[31m     [31m횞[31m should render reservation items correctly in the timeline[39m[32m 50[2mms[22m[39m
node.exe : 
위치 줄:1 문자:1
+ & "C:\Program Files\nodejs/node.exe" 
"C:\Program Files\nodejs/node_mo ...
+ ~~~~~~~~~~~~~~~~~~~~~~~~~~~~~~~~~~~~~
~~~~~~~~~~~~~~~~~~~~~~~~~~~~~~~~
    + CategoryInfo          : NotSpeci 
   fied: (:String) [], RemoteExceptio  
  n
    + FullyQualifiedErrorId : NativeCo 
   mmandError
 
[31m??렞??렞??렞??[39m[1m[41m Failed Te
sts 1 [49m[22m[31m??렞??렞??렞??[39m

[41m[1m FAIL [22m[49m tests/reserva
tions/ReservationTimeline.test.tsx[2m 
> [22mReservationTimeline[2m > [22ms
hould render reservation items correctl
y in the timeline
[31m[1mTestingLibraryElementError[22
m[39m: Found multiple elements with th
e text: 10:00

Here are the matching elements:

Ignored nodes: comments, script, style
[36m<td[39m
  [33mclass[39m=[32m"py-6 pr-6 font-
semibold text-[#777777] border-r border
-[#F5F2ED] w-[100px] text-center align-
top whitespace-nowrap"[39m
[36m>[39m
  [0m10:00[0m
[36m</td>[39m

Ignored nodes: comments, script, style
[36m<span[39m
  [33mclass[39m=[32m"text-sm font-me
dium text-[#777777]"[39m
[36m>[39m
  [0m10:00[0m
[36m</span>[39m

(If this is intentional, then use the `
*AllBy*` variant of the query (like `qu
eryAllByText`, `getAllByText`, or `find
AllByText`)).

Ignored nodes: comments, script, style
[36m<body>[39m
  [36m<div>[39m
    [36m<div[39m
      [33mclass[39m=[32m"bg-white ro
unded-2xl p-6 shadow-sm border border-[
#EAE6DF] mt-6"[39m
    [36m>[39m
      [36m<div[39m
        [33mclass[39m=[32m"overflow-
x-auto"[39m
      [36m>[39m
        [36m<table[39m
          [33mclass[39m=[32m"w-full"
[39m
        [36m>[39m
          [36m<tbody>[39m
            [36m<tr[39m
              [33mclass[39m=[32m"bor
der-b border-[#F5F2ED] last:border-0 gr
oup/row"[39m
            [36m>[39m
              [36m<td[39m
                [33mclass[39m=[32m"p
y-6 pr-6 font-semibold text-[#777777] b
order-r border-[#F5F2ED] w-[100px] text
-center align-top whitespace-nowrap"[3
9m
              [36m>[39m
                [0m09:00[0m
              [36m</td>[39m
              [36m<td[39m
                [33mclass[39m=[32m"p
y-4 pl-6 align-top"[39m
              [36m>[39m
                [36m<button[39m
                  [33mclass[39m=[32m
"w-full border border-dashed border-[#E
AE6DF] text-[#A19D95] text-sm py-4 roun
ded-xl flex items-center justify-center
 gap-2 hover:bg-[#F9F8F6] hover:border-
[#5A7163] hover:text-[#5A7163] transiti
on-all group/btn"[39m
                [36m>[39m
                  [36m<svg[39m
                    [33mclass[39m=[3
2m"group-hover/btn:scale-110 transition
-transform"[39m
                    [33mfill[39m=[32
m"currentColor"[39m
                    [33mheight[39m=[
32m"1em"[39m
                    [33mviewBox[39m=
[32m"0 0 256 256"[39m
                    [33mwidth[39m=[3
2m"1em"[39m
                    [33mxmlns[39m=[3
2m"http://www.w3.org/2000/svg"[39m
                  [36m>[39m
                    [36m<path[39m
                      [33md[39m=[32m
"M228,128a12,12,0,0,1-12,12H140v76a12,1
2,0,0,1-24,0V140H40a12,12,0,0,1,0-24h76
V40a12,12,0,0,1,24,0v76h76A12,12,0,0,1,
228,128Z"[39m
                    [36m/>[39m
                  [36m</svg>[39m
                  [36m<span>[39m
                    [0m?덉빟 異붽?[0m
                  [36m</span>[39m
                [36m</button>[39m
              [36m</td>[39m
            [36m</tr>[39m
            [36m<tr[39m
              [33mclass[39m=[32m"bor
der-b border-[#F5F2ED] last:border-0 gr
oup/row"[39m
            [36m>[39m
              [36m<td[39m
                [33mclass[39m=[32m"p
y-6 pr-6 font-semibold text-[#777777] b
order-r border-[#F5F2ED] w-[100px] text
-center align-top whitespace-nowrap"[3
9m
              [36m>[39m
                [0m10:00[0m
              [36m</td>[39m
              [36m<td[39m
                [33mclass[39m=[32m"p
y-4 pl-6 align-top"[39m
              [36m>[39m
                [36m<div[39m
                  [33mclass[39m=[32m
"grid gap-3"[39m
                [36m>[39m
                  [36m<div[39m
                    [33mclass[39m=[3
2m"bg-[#5A716308] border-l-4 border-[#5
A7163] p-4 rounded-xl flex justify-betw
een items-start hover:bg-[#5A71630C] tr
ansition-colors cursor-pointer group/ca
rd"[39m
                  [36m>[39m
                    [36m<div[39m
                      [33mclass[39m=
[32m"flex flex-col gap-1"[39m
                    [36m>[39m
                      [36m<div[39m
                        [33mclass[39m
=[32m"flex items-center gap-2"[39m
                      [36m>[39m
                        [36m<span[39m
                          [33mclass[3
9m=[32m"font-bold text-[#333333] text-
lg"[39m
                        [36m>[39m
                          [0m源誘몄쁺[0m
                        [36m</span>[3
9m
                        [36m<span[39m
                          [33mclass[3
9m=[32m"text-sm font-medium text-[#777
777]"[39m
                        [36m>[39m
                          [0m10:00[0m
                        [36m</span>[3
9m
                      [36m</div>[39m
                      [36m<p[39m
                        [33mclass[39m
=[32m"text-sm text-[#666666] leading-r
elaxed"[39m
                      [36m>[39m
                        [0m湲곕낯 ?쇱깋 ?덉빟
[0m
                      [36m</p>[39m
                    [36m</div>[39m
                    [36m<div[39m
                      [33mclass[39m=
[32m"inline-flex items-center rounded-f
ull transition-colors focus:outline-non
e focus:ring-2 focus:ring-ring focus:ri
ng-offset-2 border-transparent bg-secon
dary/10 text-secondary hover:bg-seconda
ry/20 px-3 py-1 text-sm font-medium"[3
9m
                    [36m>[39m
                      [0m諛⑸Ц?꾨즺[0m
                    [36m</div>[39m
                  [36m</div>[39m
                [36m</div>[39m
              [36m</td>[39m
            [36m</tr>[39m
            [36m<tr[39m
              [33mclass[39m=[32m"bor
der-b border-[#F5F2ED] last:border-0 gr
oup/row"[39m
            [36m>[39m
              [36m<td[39m
                [33mclass[39m=[32m"p
y-6 pr-6 font-semibold text-[#777777] b
order-r border-[#F5F2ED] w-[100px] text
-center align-top whitespace-nowrap"[3
9m
              [36m>[39m
                [0m11:00[0m
              [36m</td>[39m
              [36m<td[39m
                [33mclass[39m=[32m"p
y-4 pl-6 align-top"[39m
              [36m>[39m
                [36m<div[39m

[2m Test Files [22m [1m[31m1 failed[39m[22m[90m (1)[39m
[2m      Tests [22m [1m[31m1 failed[39m[22m[90m (1)[39m
[2m   Start at [22m 23:27:14
[2m   Duration [22m 5.35s[2m (transform 49ms, setup 249ms, import 4.05s, tests 52ms, environment 838ms)[22m

                  [33mclass[39m=[32m
"grid gap-3"[39m
                [36m>[39m
                  [36m<div[39m
                    [33mclass[39m=[3
2m"bg-[#5A716308] border-l-4 border-[#5
A7163] p-4 rounded-xl flex justify-betw
een items-start hover:bg-[#5A71630C] tr
ansition-colors cursor-pointer group/ca
rd"[39m
                  [36m>[39m
                    [36m<div[39m
                      [33mclass[39m=
[32m"flex flex-col gap-1"[39m
                    [36m>[39m
                      [36m<div[39m
                        [33mclass[39m
=[32m"flex items-center gap-2"[39m
                      [36m>[39m
                        [36m<span[39m
                          [33mclass[3
9m=[32m"font-bold text-[#333333] text-
lg"[39m
                        [36m>[39m
                          [0m?댄쁽二?[0m
                        [36m</span>[3
9m
                        [36m<span[39m
                          [33mclass[3
9m=[32m"text-sm font-medium text-[#777
777]"[39m
                        [36m>[39m
                          [0m11:30[0m
                        [36m</span>[3
9m
                      [36m</div>[39m
                      [36m<p[39m
                        [33mclass[39m
=[32m"text-sm text-[#666666] leading-r
elaxed"[39m
                      [36m>[39m
                        [0m?ㅻ젋吏 + ?먰뵾
 ?덉빟[0m
                      [36m</p>[39m
                    [36m</div>[39m
                    [36m<div[39m
                      [33mclass[39m=
[32m"inline-flex items-center rounded-f
ull transition-colors focus:outline-non
e focus:ring-2 focus:ring-ring focus:ri
ng-offset-2 border-transparent bg-prima
ry/10 text-primary hover:bg-primary/20 
px-3 py-1 text-s...
[90m [2m??[22m Object.getElementError
 node_modules/@testing-library/dom/dist
/config.js:[2m37:19[22m[39m
[90m [2m??[22m getElementError node_m
odules/@testing-library/dom/dist/query-
helpers.js:[2m20:35[22m[39m
[90m [2m??[22m getMultipleElementsFou
ndError node_modules/@testing-library/d
om/dist/query-helpers.js:[2m23:10[22m
[39m
[90m [2m??[22m node_modules/@testing-
library/dom/dist/query-helpers.js:[2m5
5:13[22m[39m
[90m [2m??[22m node_modules/@testing-
library/dom/dist/query-helpers.js:[2m9
5:19[22m[39m
[36m [2m??[22m tests/reservations/Res
ervationTimeline.test.tsx:[2m37:19[22
m[39m
    [90m 35|[39m
    [90m 36|[39m     [90m// Check fo
r times[39m
    [90m 37|[39m     [34mexpect[39m
(screen[33m.[39m[34mgetByText[39m(
[32m'10:00'[39m))[33m.[39m[34mtoBeI
nTheDocument[39m()
    [90m   |[39m                   [
31m^[39m
    [90m 38|[39m     [34mexpect[39m
(screen[33m.[39m[34mgetByText[39m(
[32m'11:30'[39m))[33m.[39m[34mtoBeI
nTheDocument[39m()
    [90m 39|[39m

[31m[2m??렞??렞??렞??렞??렞??렞??렞??렞??렞??렞
??렞??렞[1/1]??[22m[39m

